🔬 Insurance SST Extraction Test (DB Chunks) Başlıyor...
📄 Document bulundu: None (ID: None)
📋 5 chunk bulundu
📊 Test edilecek chunk sayısı: 5
  1. Chunk ID: ad82dcdb0d35d20745b6eec1ebd47f07a833fd75... (994 karakter)
  2. Chunk ID: bcd42af481a694aefdafba5fa4551675ccb4da02... (382 karakter)
  3. Chunk ID: 791d79753d2a3a42e24d281cce3b4fbb1968b27b... (985 karakter)
  4. Chunk ID: dd70e0f40e81a48cce0573b295b916698944c5f4... (28 karakter)
  5. Chunk ID: f16dbb8020b3f9af4caaeea6b2886223d7d042ae... (947 karakter)
env_key LLM_MODEL_CONFIG_openai_gpt_4o
🔧 LLMGraphTransformer SST modu ile başlatılıyor...
🔄 Veritabanından schema çekiliyor...
🔄 Neo4j'den schema çekiliyor...
🗄️ DB'den çekilen node tipleri (8): ['PolicyType', 'InsuredItem', 'PolicyYear', 'Customer', 'ExtractTask', 'Episodic', 'Community', 'Entity']
🔗 DB'den çekilen relationship tipleri (9): ['HAS_YEAR', 'HAS_TYPE', 'HAS_POLICY', 'MENTIONS', 'HAS_MEMBER', 'DOCUMENTED_IN', 'RELATES_TO', 'HAS_DOC', 'HAS_INSURED_ITEM']
✅ DB'den node tipleri alındı: ['PolicyType', 'InsuredItem', 'PolicyYear', 'Customer', 'ExtractTask', 'Episodic', 'Community', 'Entity']
✅ DB'den relationship tipleri alındı: ['HAS_YEAR', 'HAS_TYPE', 'HAS_POLICY', 'MENTIONS', 'HAS_MEMBER', 'DOCUMENTED_IN', 'RELATES_TO', 'HAS_DOC', 'HAS_INSURED_ITEM']
🎯 Final allowed nodes: ['PolicyType', 'InsuredItem', 'PolicyYear', 'Customer', 'ExtractTask', 'Episodic', 'Community', 'Entity']
🔗 Final allowed relationships: ['HAS_YEAR', 'HAS_TYPE', 'HAS_POLICY', 'MENTIONS', 'HAS_MEMBER', 'DOCUMENTED_IN', 'RELATES_TO', 'HAS_DOC', 'HAS_INSURED_ITEM']
📊 LLM Logging: ✅ Açık

🚀 Chunk 1/5 SST extraction başlıyor...
📝 Chunk preview: ## YAT SİGORTA POLİÇESİ

|   ACENTE NO | POLİÇE NO       | ÜRÜN KODU   | BAŞLANGIÇ TARİHİ   | BİTİŞ TARİHİ   |   SÜRE(Gün) |
|-------------|-----------------|-------------|--------------------|-------...
📋 FULL PROMPT (structured mode):
System: # Insurance Domain SST Knowledge Graph Expert
You are an expert in extracting insurance policy information using the Semantic Spacetime (SST) model.
Your task is to create self-contained, factual statements that provide semantic clues for policy comparison and analysis.

## SST Insurance Statement Categories:

### EVENTS (Temporal processes - use LEADS_TO):
- Policy lifecycle: 'Policy ABC123 coverage starts on 01/07/2020'
- Payment sequences: 'First installment of 475 EUR is due on 01/07/2020'
- Claims processing: 'Claim submitted on 03/12/2020 for motor damage'
- Status changes: 'Policy renewal occurs on 01/07/2021'

### THINGS (Physical entities - use CONTAINS):
- Customers: 'Ahmet Cemal Dördüncü is the policyholder'
- Insured items: 'KIRAZ boat is the insured vessel built in 2019'
- Companies: 'DOGA SIGORTA is the insurance provider'
- Locations: 'Property is located at Galata Residans D4'

### CONCEPTS (Abstract properties - use EXPRESSES):
- Policy attributes: 'Policy type is Marine Insurance with comprehensive coverage'
- Financial terms: 'Total premium amount is 1900 EUR annually'
- Coverage details: 'Deductible rate is 0.5 percent of claim amount'
- Risk factors: 'Usage purpose is private recreational boating'

### RELATIONSHIPS (Comparisons - use NEAR_TO):
- Similar policies: 'Policy terms are similar to standard marine coverage'
- Comparable risks: 'Risk profile matches coastal boat insurance'

## SST Relationship Mapping:
- LEADS_TO: Temporal sequences, cause-effect, process steps
- CONTAINS: Hierarchical inclusion, policy components, coverage items
- EXPRESSES: Permanent attributes, characteristics, properties
- NEAR_TO: Similarity judgments, comparable terms, equivalent concepts
- STRICT CONSTRAINT: Only use these relations: ['HAS_YEAR', 'HAS_TYPE', 'HAS_POLICY', 'MENTIONS', 'HAS_MEMBER', 'DOCUMENTED_IN', 'RELATES_TO', 'HAS_DOC', 'HAS_INSURED_ITEM']

## Statement Quality Guidelines:
1. CONTEXT RICH: Include identifying information (names, dates, amounts)
2. SEARCH OPTIMIZED: Use terms that help semantic search (policy type, customer name, coverage)
3. AGENT FRIENDLY: Provide clues for graph navigation (policy numbers, dates, locations)
4. COMPARISON READY: Enable policy comparison (similar terms, amounts, coverage)

## Output Requirements:
- Each statement must be self-contained and factual
- Include relevant identifiers for semantic search
- Maintain insurance domain terminology
- Connect related statements with appropriate SST relations

Output Schema:
{
  "nodes": ["Insurance statement 1", "Insurance statement 2", ...],
  "edges": [
    {"source": "Statement1", "relation": "LEADS_TO", "target": "Statement2"}
  ]
}

## Domain Context Guidance:
Incorporate these insurance concepts in statements when relevant: PolicyType, InsuredItem, PolicyYear, Customer, ExtractTask, Episodic, Community, Entity
Human: Focus on insurance policy details, payment schedules, and coverage information.
## Task: Extract Insurance Policy Information
Transform the following insurance document text into SST graph format.
Focus on creating statements that help answer questions like:
- Policy terms and conditions
- Payment schedules and amounts
- Coverage details and limitations
- Customer and asset information
- Temporal relationships (start dates, due dates, expiry)
Use ONLY the allowed SST relations for connecting statements.
Text: ## YAT SİGORTA POLİÇESİ

|   ACENTE NO | POLİÇE NO       | ÜRÜN KODU   | BAŞLANGIÇ TARİHİ   | BİTİŞ TARİHİ   |   SÜRE(Gün) |
|-------------|-----------------|-------------|--------------------|----------------|-------------|
|       11818 | N-206968954-0-0 | YAT         | 01/07/2020         | 01/07/2021     |         365 |

## SİGORTALI BİLGİLERİ

Adı Soyadı / Ünvanı

: YAPI KREDİ FİNANSALKİRALAMA A. O.

TC Kimlik No

: 0

Vergi No

: 9370017457

Müşteri No

: 3014097

Adres

: BARBAROS BULVARI ...
🔍 DEBUG - raw_output (no __dict__): {'raw': AIMessage(content='{"nodes":["Policy number is N-206968954-0-0","Policy type is YAT","Policy start date is 01/07/2020","Policy end date is 01/07/2021","Policy duration is 365 days","Policyholder is YAPI KREDİ FİNANSALKİRALAMA A. O.","Policyholder tax number is 9370017457","Policyholder address is BARBAROS BULVARI MORBASAN İŞ HANI MERKEZİ C BLK 9 6 BALMUMCU 34000 BEŞİKTAŞ İSTANBUL","Insured party is DÖRDÜNCÜ YÖNETİM DAN .LTD.ŞTİ.","Insured party tax number is 3130573160","Insured party address is BOSTANCI MAH. DÖRDÜNCÜ YÖNETİM DANIŞ. LTD. ŞTİ. YAZMACI TAHİR SOK. 36/1 BOSTANCI 34744 KADIKÖY İSTANBUL","Insured item is yacht named KİRAZ","Insured item flag is TC","Insured item build year is 2019","Insured item motor power is 2 * VOLVO 75 HP","Insured item usage purpose is private"],"edges":[{"source":"Policy number is N-206968954-0-0","relation":"HAS_TYPE","target":"Policy type is YAT"},{"source":"Policy number is N-206968954-0-0","relation":"HAS_YEAR","target":"Policy start date is 01/07/2020"},{"source":"Policy number is N-206968954-0-0","relation":"HAS_YEAR","target":"Policy end date is 01/07/2021"},{"source":"Policy number is N-206968954-0-0","relation":"HAS_MEMBER","target":"Policyholder is YAPI KREDİ FİNANSALKİRALAMA A. O."},{"source":"Policyholder is YAPI KREDİ FİNANSALKİRALAMA A. O.","relation":"DOCUMENTED_IN","target":"Policyholder tax number is 9370017457"},{"source":"Policyholder is YAPI KREDİ FİNANSALKİRALAMA A. O.","relation":"DOCUMENTED_IN","target":"Policyholder address is BARBAROS BULVARI MORBASAN İŞ HANI MERKEZİ C BLK 9 6 BALMUMCU 34000 BEŞİKTAŞ İSTANBUL"},{"source":"Policy number is N-206968954-0-0","relation":"HAS_MEMBER","target":"Insured party is DÖRDÜNCÜ YÖNETİM DAN .LTD.ŞTİ."},{"source":"Insured party is DÖRDÜNCÜ YÖNETİM DAN .LTD.ŞTİ.","relation":"DOCUMENTED_IN","target":"Insured party tax number is 3130573160"},{"source":"Insured party is DÖRDÜNCÜ YÖNETİM DAN .LTD.ŞTİ.","relation":"DOCUMENTED_IN","target":"Insured party address is BOSTANCI MAH. DÖRDÜNCÜ YÖNETİM DANIŞ. LTD. ŞTİ. YAZMACI TAHİR SOK. 36/1 BOSTANCI 34744 KADIKÖY İSTANBUL"},{"source":"Policy number is N-206968954-0-0","relation":"HAS_INSURED_ITEM","target":"Insured item is yacht named KİRAZ"},{"source":"Insured item is yacht named KİRAZ","relation":"DOCUMENTED_IN","target":"Insured item flag is TC"},{"source":"Insured item is yacht named KİRAZ","relation":"DOCUMENTED_IN","target":"Insured item build year is 2019"},{"source":"Insured item is yacht named KİRAZ","relation":"DOCUMENTED_IN","target":"Insured item motor power is 2 * VOLVO 75 HP"},{"source":"Insured item is yacht named KİRAZ","relation":"DOCUMENTED_IN","target":"Insured item usage purpose is private"}]}', additional_kwargs={'parsed': _SSTGraphModel(nodes=['Policy number is N-206968954-0-0', 'Policy type is YAT', 'Policy start date is 01/07/2020', 'Policy end date is 01/07/2021', 'Policy duration is 365 days', 'Policyholder is YAPI KREDİ FİNANSALKİRALAMA A. O.', 'Policyholder tax number is 9370017457', 'Policyholder address is BARBAROS BULVARI MORBASAN İŞ HANI MERKEZİ C BLK 9 6 BALMUMCU 34000 BEŞİKTAŞ İSTANBUL', 'Insured party is DÖRDÜNCÜ YÖNETİM DAN .LTD.ŞTİ.', 'Insured party tax number is 3130573160', 'Insured party address is BOSTANCI MAH. DÖRDÜNCÜ YÖNETİM DANIŞ. LTD. ŞTİ. YAZMACI TAHİR SOK. 36/1 BOSTANCI 34744 KADIKÖY İSTANBUL', 'Insured item is yacht named KİRAZ', 'Insured item flag is TC', 'Insured item build year is 2019', 'Insured item motor power is 2 * VOLVO 75 HP', 'Insured item usage purpose is private'], edges=[_SSTEdgeModel(source='Policy number is N-206968954-0-0', relation='HAS_TYPE', target='Policy type is YAT'), _SSTEdgeModel(source='Policy number is N-206968954-0-0', relation='HAS_YEAR', target='Policy start date is 01/07/2020'), _SSTEdgeModel(source='Policy number is N-206968954-0-0', relation='HAS_YEAR', target='Policy end date is 01/07/2021'), _SSTEdgeModel(source='Policy number is N-206968954-0-0', relation='HAS_MEMBER', target='Policyholder is YAPI KREDİ FİNANSALKİRALAMA A. O.'), _SSTEdgeModel(source='Policyholder is YAPI KREDİ FİNANSALKİRALAMA A. O.', relation='DOCUMENTED_IN', target='Policyholder tax number is 9370017457'), _SSTEdgeModel(source='Policyholder is YAPI KREDİ FİNANSALKİRALAMA A. O.', relation='DOCUMENTED_IN', target='Policyholder address is BARBAROS BULVARI MORBASAN İŞ HANI MERKEZİ C BLK 9 6 BALMUMCU 34000 BEŞİKTAŞ İSTANBUL'), _SSTEdgeModel(source='Policy number is N-206968954-0-0', relation='HAS_MEMBER', target='Insured party is DÖRDÜNCÜ YÖNETİM DAN .LTD.ŞTİ.'), _SSTEdgeModel(source='Insured party is DÖRDÜNCÜ YÖNETİM DAN .LTD.ŞTİ.', relation='DOCUMENTED_IN', target='Insured party tax number is 3130573160'), _SSTEdgeModel(source='Insured party is DÖRDÜNCÜ YÖNETİM DAN .LTD.ŞTİ.', relation='DOCUMENTED_IN', target='Insured party address is BOSTANCI MAH. DÖRDÜNCÜ YÖNETİM DANIŞ. LTD. ŞTİ. YAZMACI TAHİR SOK. 36/1 BOSTANCI 34744 KADIKÖY İSTANBUL'), _SSTEdgeModel(source='Policy number is N-206968954-0-0', relation='HAS_INSURED_ITEM', target='Insured item is yacht named KİRAZ'), _SSTEdgeModel(source='Insured item is yacht named KİRAZ', relation='DOCUMENTED_IN', target='Insured item flag is TC'), _SSTEdgeModel(source='Insured item is yacht named KİRAZ', relation='DOCUMENTED_IN', target='Insured item build year is 2019'), _SSTEdgeModel(source='Insured item is yacht named KİRAZ', relation='DOCUMENTED_IN', target='Insured item motor power is 2 * VOLVO 75 HP'), _SSTEdgeModel(source='Insured item is yacht named KİRAZ', relation='DOCUMENTED_IN', target='Insured item usage purpose is private')]), 'refusal': None}, response_metadata={'token_usage': {'completion_tokens': 894, 'prompt_tokens': 1476, 'total_tokens': 2370, 'completion_tokens_details': {'accepted_prediction_tokens': 0, 'audio_tokens': 0, 'reasoning_tokens': 0, 'rejected_prediction_tokens': 0}, 'prompt_tokens_details': {'audio_tokens': 0, 'cached_tokens': 1408}}, 'model_name': 'gpt-4o-2024-11-20', 'system_fingerprint': 'fp_f0e307537d', 'id': 'chatcmpl-CAkLT7OiUt1b6KZaNnO9pCSQ1ZXkQ', 'service_tier': 'default', 'finish_reason': 'stop', 'logprobs': None}, id='run--54ad7cec-e6cf-4906-af64-c284c0f9f685-0', usage_metadata={'input_tokens': 1476, 'output_tokens': 894, 'total_tokens': 2370, 'input_token_details': {'audio': 0, 'cache_read': 1408}, 'output_token_details': {'audio': 0, 'reasoning': 0}}), 'parsed': _SSTGraphModel(nodes=['Policy number is N-206968954-0-0', 'Policy type is YAT', 'Policy start date is 01/07/2020', 'Policy end date is 01/07/2021', 'Policy duration is 365 days', 'Policyholder is YAPI KREDİ FİNANSALKİRALAMA A. O.', 'Policyholder tax number is 9370017457', 'Policyholder address is BARBAROS BULVARI MORBASAN İŞ HANI MERKEZİ C BLK 9 6 BALMUMCU 34000 BEŞİKTAŞ İSTANBUL', 'Insured party is DÖRDÜNCÜ YÖNETİM DAN .LTD.ŞTİ.', 'Insured party tax number is 3130573160', 'Insured party address is BOSTANCI MAH. DÖRDÜNCÜ YÖNETİM DANIŞ. LTD. ŞTİ. YAZMACI TAHİR SOK. 36/1 BOSTANCI 34744 KADIKÖY İSTANBUL', 'Insured item is yacht named KİRAZ', 'Insured item flag is TC', 'Insured item build year is 2019', 'Insured item motor power is 2 * VOLVO 75 HP', 'Insured item usage purpose is private'], edges=[_SSTEdgeModel(source='Policy number is N-206968954-0-0', relation='HAS_TYPE', target='Policy type is YAT'), _SSTEdgeModel(source='Policy number is N-206968954-0-0', relation='HAS_YEAR', target='Policy start date is 01/07/2020'), _SSTEdgeModel(source='Policy number is N-206968954-0-0', relation='HAS_YEAR', target='Policy end date is 01/07/2021'), _SSTEdgeModel(source='Policy number is N-206968954-0-0', relation='HAS_MEMBER', target='Policyholder is YAPI KREDİ FİNANSALKİRALAMA A. O.'), _SSTEdgeModel(source='Policyholder is YAPI KREDİ FİNANSALKİRALAMA A. O.', relation='DOCUMENTED_IN', target='Policyholder tax number is 9370017457'), _SSTEdgeModel(source='Policyholder is YAPI KREDİ FİNANSALKİRALAMA A. O.', relation='DOCUMENTED_IN', target='Policyholder address is BARBAROS BULVARI MORBASAN İŞ HANI MERKEZİ C BLK 9 6 BALMUMCU 34000 BEŞİKTAŞ İSTANBUL'), _SSTEdgeModel(source='Policy number is N-206968954-0-0', relation='HAS_MEMBER', target='Insured party is DÖRDÜNCÜ YÖNETİM DAN .LTD.ŞTİ.'), _SSTEdgeModel(source='Insured party is DÖRDÜNCÜ YÖNETİM DAN .LTD.ŞTİ.', relation='DOCUMENTED_IN', target='Insured party tax number is 3130573160'), _SSTEdgeModel(source='Insured party is DÖRDÜNCÜ YÖNETİM DAN .LTD.ŞTİ.', relation='DOCUMENTED_IN', target='Insured party address is BOSTANCI MAH. DÖRDÜNCÜ YÖNETİM DANIŞ. LTD. ŞTİ. YAZMACI TAHİR SOK. 36/1 BOSTANCI 34744 KADIKÖY İSTANBUL'), _SSTEdgeModel(source='Policy number is N-206968954-0-0', relation='HAS_INSURED_ITEM', target='Insured item is yacht named KİRAZ'), _SSTEdgeModel(source='Insured item is yacht named KİRAZ', relation='DOCUMENTED_IN', target='Insured item flag is TC'), _SSTEdgeModel(source='Insured item is yacht named KİRAZ', relation='DOCUMENTED_IN', target='Insured item build year is 2019'), _SSTEdgeModel(source='Insured item is yacht named KİRAZ', relation='DOCUMENTED_IN', target='Insured item motor power is 2 * VOLVO 75 HP'), _SSTEdgeModel(source='Insured item is yacht named KİRAZ', relation='DOCUMENTED_IN', target='Insured item usage purpose is private')]), 'parsing_error': None}
🔍 DEBUG - raw_output type: <class 'dict'>
🔍 DEBUG - raw_output content: {'raw': AIMessage(content='{"nodes":["Policy number is N-206968954-0-0","Policy type is YAT","Policy start date is 01/07/2020","Policy end date is 01/07/2021","Policy duration is 365 days","Policyholder is YAPI KREDİ FİNANSALKİRALAMA A. O.","Policyholder tax number is 9370017457","Policyholder address is BARBAROS BULVARI MORBASAN İŞ HANI MERKEZİ C BLK 9 6 BALMUMCU 34000 BEŞİKTAŞ İSTANBUL","Insured party is DÖRDÜNCÜ YÖNETİM DAN .LTD.ŞTİ.","Insured party tax number is 3130573160","Insured party address is BOSTANCI MAH. DÖRDÜNCÜ YÖNETİM DANIŞ. LTD. ŞTİ. YAZMACI TAHİR SOK. 36/1 BOSTANCI 34744 KADIKÖY İSTANBUL","Insured item is yacht named KİRAZ","Insured item flag is TC","Insured item build year is 2019","Insured item motor power is 2 * VOLVO 75 HP","Insured item usage purpose is private"],"edges":[{"source":"Policy number is N-206968954-0-0","relation":"HAS_TYPE","target":"Policy type is YAT"},{"source":"Policy number is N-206968954-0-0","relation":"HAS_YEAR","target":"Policy start date is 01/07/2020"},{"source":"Policy number is N-206968954-0-0","relation":"HAS_YEAR","target":"Policy end date is 01/07/2021"},{"source":"Policy number is N-206968954-0-0","relation":"HAS_MEMBER","target":"Policyholder is YAPI KREDİ FİNANSALKİRALAMA A. O."},{"source":"Policyholder is YAPI KREDİ FİNANSALKİRALAMA A. O.","relation":"DOCUMENTED_IN","target":"Policyholder tax number is 9370017457"},{"source":"Policyholder is YAPI KREDİ FİNANSALKİRALAMA A. O.","relation":"DOCUMENTED_IN","target":"Policyholder address is BARBAROS BULVARI MORBASAN İŞ HANI MERKEZİ C BLK 9 6 BALMUMCU 34000 BEŞİKTAŞ İSTANBUL"},{"source":"Policy number is N-206968954-0-0","relation":"HAS_MEMBER","target":"Insured party is DÖRDÜNCÜ YÖNETİM DAN .LTD.ŞTİ."},{"source":"Insured party is DÖRDÜNCÜ YÖNETİM DAN .LTD.ŞTİ.","relation":"DOCUMENTED_IN","target":"Insured party tax number is 3130573160"},{"source":"Insured party is DÖRDÜNCÜ YÖNETİM DAN .LTD.ŞTİ.","relation":"DOCUMENTED_IN","target":"Insured party address is BOSTANCI MAH. DÖRDÜNCÜ YÖNETİM DANIŞ. LTD. ŞTİ. YAZMACI TAHİR SOK. 36/1 BOSTANCI 34744 KADIKÖY İSTANBUL"},{"source":"Policy number is N-206968954-0-0","relation":"HAS_INSURED_ITEM","target":"Insured item is yacht named KİRAZ"},{"source":"Insured item is yacht named KİRAZ","relation":"DOCUMENTED_IN","target":"Insured item flag is TC"},{"source":"Insured item is yacht named KİRAZ","relation":"DOCUMENTED_IN","target":"Insured item build year is 2019"},{"source":"Insured item is yacht named KİRAZ","relation":"DOCUMENTED_IN","target":"Insured item motor power is 2 * VOLVO 75 HP"},{"source":"Insured item is yacht named KİRAZ","relation":"DOCUMENTED_IN","target":"Insured item usage purpose is private"}]}', additional_kwargs={'parsed': _SSTGraphModel(nodes=['Policy number is N-206968954-0-0', 'Policy type is YAT', 'Policy start date is 01/07/2020', 'Policy end date is 01/07/2021', 'Policy duration is 365 days', 'Policyholder is YAPI KREDİ FİNANSALKİRALAMA A. O.', 'Policyholder tax number is 9370017457', 'Policyholder address is BARBAROS BULVARI MORBASAN İŞ HANI MERKEZİ C BLK 9 6 BALMUMCU 34000 BEŞİKTAŞ İSTANBUL', 'Insured party is DÖRDÜNCÜ YÖNETİM DAN .LTD.ŞTİ.', 'Insured party tax number is 3130573160', 'Insured party address is BOSTANCI MAH. DÖRDÜNCÜ YÖNETİM DANIŞ. LTD. ŞTİ. YAZMACI TAHİR SOK. 36/1 BOSTANCI 34744 KADIKÖY İSTANBUL', 'Insured item is yacht named KİRAZ', 'Insured item flag is TC', 'Insured item build year is 2019', 'Insured item motor power is 2 * VOLVO 75 HP', 'Insured item usage purpose is private'], edges=[_SSTEdgeModel(source='Policy number is N-206968954-0-0', relation='HAS_TYPE', target='Policy type is YAT'), _SSTEdgeModel(source='Policy number is N-206968954-0-0', relation='HAS_YEAR', target='Policy start date is 01/07/2020'), _SSTEdgeModel(source='Policy number is N-206968954-0-0', relation='HAS_YEAR', target='Policy end date is 01/07/2021'), _SSTEdgeModel(source='Policy number is N-206968954-0-0', relation='HAS_MEMBER', target='Policyholder is YAPI KREDİ FİNANSALKİRALAMA A. O.'), _SSTEdgeModel(source='Policyholder is YAPI KREDİ FİNANSALKİRALAMA A. O.', relation='DOCUMENTED_IN', target='Policyholder tax number is 9370017457'), _SSTEdgeModel(source='Policyholder is YAPI KREDİ FİNANSALKİRALAMA A. O.', relation='DOCUMENTED_IN', target='Policyholder address is BARBAROS BULVARI MORBASAN İŞ HANI MERKEZİ C BLK 9 6 BALMUMCU 34000 BEŞİKTAŞ İSTANBUL'), _SSTEdgeModel(source='Policy number is N-206968954-0-0', relation='HAS_MEMBER', target='Insured party is DÖRDÜNCÜ YÖNETİM DAN .LTD.ŞTİ.'), _SSTEdgeModel(source='Insured party is DÖRDÜNCÜ YÖNETİM DAN .LTD.ŞTİ.', relation='DOCUMENTED_IN', target='Insured party tax number is 3130573160'), _SSTEdgeModel(source='Insured party is DÖRDÜNCÜ YÖNETİM DAN .LTD.ŞTİ.', relation='DOCUMENTED_IN', target='Insured party address is BOSTANCI MAH. DÖRDÜNCÜ YÖNETİM DANIŞ. LTD. ŞTİ. YAZMACI TAHİR SOK. 36/1 BOSTANCI 34744 KADIKÖY İSTANBUL'), _SSTEdgeModel(source='Policy number is N-206968954-0-0', relation='HAS_INSURED_ITEM', target='Insured item is yacht named KİRAZ'), _SSTEdgeModel(source='Insured item is yacht named KİRAZ', relation='DOCUMENTED_IN', target='Insured item flag is TC'), _SSTEdgeModel(source='Insured item is yacht named KİRAZ', relation='DOCUMENTED_IN', target='Insured item build year is 2019'), _SSTEdgeModel(source='Insured item is yacht named KİRAZ', relation='DOCUMENTED_IN', target='Insured item motor power is 2 * VOLVO 75 HP'), _SSTEdgeModel(source='Insured item is yacht named KİRAZ', relation='DOCUMENTED_IN', target='Insured item usage purpose is private')]), 'refusal': None}, response_metadata={'token_usage': {'completion_tokens': 894, 'prompt_tokens': 1476, 'total_tokens': 2370, 'completion_tokens_details': {'accepted_prediction_tokens': 0, 'audio_tokens': 0, 'reasoning_tokens': 0, 'rejected_prediction_tokens': 0}, 'prompt_tokens_details': {'audio_tokens': 0, 'cached_tokens': 1408}}, 'model_name': 'gpt-4o-2024-11-20', 'system_fingerprint': 'fp_f0e307537d', 'id': 'chatcmpl-CAkLT7OiUt1b6KZaNnO9pCSQ1ZXkQ', 'service_tier': 'default', 'finish_reason': 'stop', 'logprobs': None}, id='run--54ad7cec-e6cf-4906-af64-c284c0f9f685-0', usage_metadata={'input_tokens': 1476, 'output_tokens': 894, 'total_tokens': 2370, 'input_token_details': {'audio': 0, 'cache_read': 1408}, 'output_token_details': {'audio': 0, 'reasoning': 0}}), 'parsed': _SSTGraphModel(nodes=['Policy number is N-206968954-0-0', 'Policy type is YAT', 'Policy start date is 01/07/2020', 'Policy end date is 01/07/2021', 'Policy duration is 365 days', 'Policyholder is YAPI KREDİ FİNANSALKİRALAMA A. O.', 'Policyholder tax number is 9370017457', 'Policyholder address is BARBAROS BULVARI MORBASAN İŞ HANI MERKEZİ C BLK 9 6 BALMUMCU 34000 BEŞİKTAŞ İSTANBUL', 'Insured party is DÖRDÜNCÜ YÖNETİM DAN .LTD.ŞTİ.', 'Insured party tax number is 3130573160', 'Insured party address is BOSTANCI MAH. DÖRDÜNCÜ YÖNETİM DANIŞ. LTD. ŞTİ. YAZMACI TAHİR SOK. 36/1 BOSTANCI 34744 KADIKÖY İSTANBUL', 'Insured item is yacht named KİRAZ', 'Insured item flag is TC', 'Insured item build year is 2019', 'Insured item motor power is 2 * VOLVO 75 HP', 'Insured item usage purpose is private'], edges=[_SSTEdgeModel(source='Policy number is N-206968954-0-0', relation='HAS_TYPE', target='Policy type is YAT'), _SSTEdgeModel(source='Policy number is N-206968954-0-0', relation='HAS_YEAR', target='Policy start date is 01/07/2020'), _SSTEdgeModel(source='Policy number is N-206968954-0-0', relation='HAS_YEAR', target='Policy end date is 01/07/2021'), _SSTEdgeModel(source='Policy number is N-206968954-0-0', relation='HAS_MEMBER', target='Policyholder is YAPI KREDİ FİNANSALKİRALAMA A. O.'), _SSTEdgeModel(source='Policyholder is YAPI KREDİ FİNANSALKİRALAMA A. O.', relation='DOCUMENTED_IN', target='Policyholder tax number is 9370017457'), _SSTEdgeModel(source='Policyholder is YAPI KREDİ FİNANSALKİRALAMA A. O.', relation='DOCUMENTED_IN', target='Policyholder address is BARBAROS BULVARI MORBASAN İŞ HANI MERKEZİ C BLK 9 6 BALMUMCU 34000 BEŞİKTAŞ İSTANBUL'), _SSTEdgeModel(source='Policy number is N-206968954-0-0', relation='HAS_MEMBER', target='Insured party is DÖRDÜNCÜ YÖNETİM DAN .LTD.ŞTİ.'), _SSTEdgeModel(source='Insured party is DÖRDÜNCÜ YÖNETİM DAN .LTD.ŞTİ.', relation='DOCUMENTED_IN', target='Insured party tax number is 3130573160'), _SSTEdgeModel(source='Insured party is DÖRDÜNCÜ YÖNETİM DAN .LTD.ŞTİ.', relation='DOCUMENTED_IN', target='Insured party address is BOSTANCI MAH. DÖRDÜNCÜ YÖNETİM DANIŞ. LTD. ŞTİ. YAZMACI TAHİR SOK. 36/1 BOSTANCI 34744 KADIKÖY İSTANBUL'), _SSTEdgeModel(source='Policy number is N-206968954-0-0', relation='HAS_INSURED_ITEM', target='Insured item is yacht named KİRAZ'), _SSTEdgeModel(source='Insured item is yacht named KİRAZ', relation='DOCUMENTED_IN', target='Insured item flag is TC'), _SSTEdgeModel(source='Insured item is yacht named KİRAZ', relation='DOCUMENTED_IN', target='Insured item build year is 2019'), _SSTEdgeModel(source='Insured item is yacht named KİRAZ', relation='DOCUMENTED_IN', target='Insured item motor power is 2 * VOLVO 75 HP'), _SSTEdgeModel(source='Insured item is yacht named KİRAZ', relation='DOCUMENTED_IN', target='Insured item usage purpose is private')]), 'parsing_error': None}
🟢 LLM extraction logged for [unknown_document]: /Users/mehmeterdogan/python-projects/llm-graph-builder/backend/src/graph_transformer/../../logs/llm_extractions.jsonl
📊 Nodes: N/A, Relationships: N/A
✅ Chunk 1 EXTRACTION SONUÇLARI:
📊 Statement node sayısı: 16
🔗 Relationship sayısı: 0
📝 EXTRACTED STATEMENTS (ilk 3):
  1. [Statement] Policy number is N-206968954-0-0
  2. [Statement] Policy type is YAT
  3. [Statement] Policy start date is 01/07/2020
  ... ve 13 tane daha
❌ Hiç relationship çıkarılmadı!

🚀 Chunk 2/5 SST extraction başlıyor...
📝 Chunk preview: BOSTANCI 34744 KADIKÖY İSTANBUL

## RİZİKO BİLGİLERİ

Yat Adı

:

KİRAZ

Bayrağı

:

TC

İnşa Tarihi

:

2019

Servis Botu

:

.

Motor Gücü

:

2 * VOLVO 75 HP

Kullanım Amacı

:

Özel Amaçlı

Sürati...
📋 FULL PROMPT (structured mode):
System: # Insurance Domain SST Knowledge Graph Expert
You are an expert in extracting insurance policy information using the Semantic Spacetime (SST) model.
Your task is to create self-contained, factual statements that provide semantic clues for policy comparison and analysis.

## SST Insurance Statement Categories:

### EVENTS (Temporal processes - use LEADS_TO):
- Policy lifecycle: 'Policy ABC123 coverage starts on 01/07/2020'
- Payment sequences: 'First installment of 475 EUR is due on 01/07/2020'
- Claims processing: 'Claim submitted on 03/12/2020 for motor damage'
- Status changes: 'Policy renewal occurs on 01/07/2021'

### THINGS (Physical entities - use CONTAINS):
- Customers: 'Ahmet Cemal Dördüncü is the policyholder'
- Insured items: 'KIRAZ boat is the insured vessel built in 2019'
- Companies: 'DOGA SIGORTA is the insurance provider'
- Locations: 'Property is located at Galata Residans D4'

### CONCEPTS (Abstract properties - use EXPRESSES):
- Policy attributes: 'Policy type is Marine Insurance with comprehensive coverage'
- Financial terms: 'Total premium amount is 1900 EUR annually'
- Coverage details: 'Deductible rate is 0.5 percent of claim amount'
- Risk factors: 'Usage purpose is private recreational boating'

### RELATIONSHIPS (Comparisons - use NEAR_TO):
- Similar policies: 'Policy terms are similar to standard marine coverage'
- Comparable risks: 'Risk profile matches coastal boat insurance'

## SST Relationship Mapping:
- LEADS_TO: Temporal sequences, cause-effect, process steps
- CONTAINS: Hierarchical inclusion, policy components, coverage items
- EXPRESSES: Permanent attributes, characteristics, properties
- NEAR_TO: Similarity judgments, comparable terms, equivalent concepts
- STRICT CONSTRAINT: Only use these relations: ['HAS_YEAR', 'HAS_TYPE', 'HAS_POLICY', 'MENTIONS', 'HAS_MEMBER', 'DOCUMENTED_IN', 'RELATES_TO', 'HAS_DOC', 'HAS_INSURED_ITEM']

## Statement Quality Guidelines:
1. CONTEXT RICH: Include identifying information (names, dates, amounts)
2. SEARCH OPTIMIZED: Use terms that help semantic search (policy type, customer name, coverage)
3. AGENT FRIENDLY: Provide clues for graph navigation (policy numbers, dates, locations)
4. COMPARISON READY: Enable policy comparison (similar terms, amounts, coverage)

## Output Requirements:
- Each statement must be self-contained and factual
- Include relevant identifiers for semantic search
- Maintain insurance domain terminology
- Connect related statements with appropriate SST relations

Output Schema:
{
  "nodes": ["Insurance statement 1", "Insurance statement 2", ...],
  "edges": [
    {"source": "Statement1", "relation": "LEADS_TO", "target": "Statement2"}
  ]
}

## Domain Context Guidance:
Incorporate these insurance concepts in statements when relevant: PolicyType, InsuredItem, PolicyYear, Customer, ExtractTask, Episodic, Community, Entity
Human: Focus on insurance policy details, payment schedules, and coverage information.
## Task: Extract Insurance Policy Information
Transform the following insurance document text into SST graph format.
Focus on creating statements that help answer questions like:
- Policy terms and conditions
- Payment schedules and amounts
- Coverage details and limitations
- Customer and asset information
- Temporal relationships (start dates, due dates, expiry)
Use ONLY the allowed SST relations for connecting statements.
Text: BOSTANCI 34744 KADIKÖY İSTANBUL

## RİZİKO BİLGİLERİ

Yat Adı

:

KİRAZ

Bayrağı

:

TC

İnşa Tarihi

:

2019

Servis Botu

:

.

Motor Gücü

:

2 * VOLVO 75 HP

Kullanım Amacı

:

Özel Amaçlı

Sürati

:

9 KNOTS

İnşa Malzemesi

:

FİBERGLAS

Boy/En/Derinlik

:

14,98 M/7,99 M/1,25 M

Muafiyet Oranı

:

% 0,5 Muafiyet

Yolcu Sayısı Dain-i Mürtehin

:

:

## PRİM BİLGİLERİ ( EUR)...
🔍 DEBUG - raw_output (no __dict__): {'raw': AIMessage(content='{"nodes":["The insured vessel is named KIRAZ.","The vessel is flagged under TC.","The vessel was built in 2019.","The vessel is powered by 2 VOLVO 75 HP engines.","The vessel is used for private purposes.","The vessel has a speed of 9 knots.","The vessel is constructed from fiberglass.","The vessel dimensions are 14.98m length, 7.99m width, and 1.25m depth.","The deductible rate for claims is 0.5%.","The vessel is insured under a marine insurance policy."],"edges":[{"source":"The insured vessel is named KIRAZ.","relation":"HAS_INSURED_ITEM","target":"The vessel is insured under a marine insurance policy."},{"source":"The vessel was built in 2019.","relation":"HAS_YEAR","target":"The insured vessel is named KIRAZ."},{"source":"The vessel is used for private purposes.","relation":"RELATES_TO","target":"The vessel is insured under a marine insurance policy."},{"source":"The deductible rate for claims is 0.5%.","relation":"RELATES_TO","target":"The vessel is insured under a marine insurance policy."}]}', additional_kwargs={'parsed': _SSTGraphModel(nodes=['The insured vessel is named KIRAZ.', 'The vessel is flagged under TC.', 'The vessel was built in 2019.', 'The vessel is powered by 2 VOLVO 75 HP engines.', 'The vessel is used for private purposes.', 'The vessel has a speed of 9 knots.', 'The vessel is constructed from fiberglass.', 'The vessel dimensions are 14.98m length, 7.99m width, and 1.25m depth.', 'The deductible rate for claims is 0.5%.', 'The vessel is insured under a marine insurance policy.'], edges=[_SSTEdgeModel(source='The insured vessel is named KIRAZ.', relation='HAS_INSURED_ITEM', target='The vessel is insured under a marine insurance policy.'), _SSTEdgeModel(source='The vessel was built in 2019.', relation='HAS_YEAR', target='The insured vessel is named KIRAZ.'), _SSTEdgeModel(source='The vessel is used for private purposes.', relation='RELATES_TO', target='The vessel is insured under a marine insurance policy.'), _SSTEdgeModel(source='The deductible rate for claims is 0.5%.', relation='RELATES_TO', target='The vessel is insured under a marine insurance policy.')]), 'refusal': None}, response_metadata={'token_usage': {'completion_tokens': 241, 'prompt_tokens': 1210, 'total_tokens': 1451, 'completion_tokens_details': {'accepted_prediction_tokens': 0, 'audio_tokens': 0, 'reasoning_tokens': 0, 'rejected_prediction_tokens': 0}, 'prompt_tokens_details': {'audio_tokens': 0, 'cached_tokens': 1152}}, 'model_name': 'gpt-4o-2024-11-20', 'system_fingerprint': 'fp_f0e307537d', 'id': 'chatcmpl-CAkLY9IIhfq2YLHhPlEaW6AZiVcwl', 'service_tier': 'default', 'finish_reason': 'stop', 'logprobs': None}, id='run--daf20582-87bd-406d-ae62-67283068f0be-0', usage_metadata={'input_tokens': 1210, 'output_tokens': 241, 'total_tokens': 1451, 'input_token_details': {'audio': 0, 'cache_read': 1152}, 'output_token_details': {'audio': 0, 'reasoning': 0}}), 'parsed': _SSTGraphModel(nodes=['The insured vessel is named KIRAZ.', 'The vessel is flagged under TC.', 'The vessel was built in 2019.', 'The vessel is powered by 2 VOLVO 75 HP engines.', 'The vessel is used for private purposes.', 'The vessel has a speed of 9 knots.', 'The vessel is constructed from fiberglass.', 'The vessel dimensions are 14.98m length, 7.99m width, and 1.25m depth.', 'The deductible rate for claims is 0.5%.', 'The vessel is insured under a marine insurance policy.'], edges=[_SSTEdgeModel(source='The insured vessel is named KIRAZ.', relation='HAS_INSURED_ITEM', target='The vessel is insured under a marine insurance policy.'), _SSTEdgeModel(source='The vessel was built in 2019.', relation='HAS_YEAR', target='The insured vessel is named KIRAZ.'), _SSTEdgeModel(source='The vessel is used for private purposes.', relation='RELATES_TO', target='The vessel is insured under a marine insurance policy.'), _SSTEdgeModel(source='The deductible rate for claims is 0.5%.', relation='RELATES_TO', target='The vessel is insured under a marine insurance policy.')]), 'parsing_error': None}
🔍 DEBUG - raw_output type: <class 'dict'>
🔍 DEBUG - raw_output content: {'raw': AIMessage(content='{"nodes":["The insured vessel is named KIRAZ.","The vessel is flagged under TC.","The vessel was built in 2019.","The vessel is powered by 2 VOLVO 75 HP engines.","The vessel is used for private purposes.","The vessel has a speed of 9 knots.","The vessel is constructed from fiberglass.","The vessel dimensions are 14.98m length, 7.99m width, and 1.25m depth.","The deductible rate for claims is 0.5%.","The vessel is insured under a marine insurance policy."],"edges":[{"source":"The insured vessel is named KIRAZ.","relation":"HAS_INSURED_ITEM","target":"The vessel is insured under a marine insurance policy."},{"source":"The vessel was built in 2019.","relation":"HAS_YEAR","target":"The insured vessel is named KIRAZ."},{"source":"The vessel is used for private purposes.","relation":"RELATES_TO","target":"The vessel is insured under a marine insurance policy."},{"source":"The deductible rate for claims is 0.5%.","relation":"RELATES_TO","target":"The vessel is insured under a marine insurance policy."}]}', additional_kwargs={'parsed': _SSTGraphModel(nodes=['The insured vessel is named KIRAZ.', 'The vessel is flagged under TC.', 'The vessel was built in 2019.', 'The vessel is powered by 2 VOLVO 75 HP engines.', 'The vessel is used for private purposes.', 'The vessel has a speed of 9 knots.', 'The vessel is constructed from fiberglass.', 'The vessel dimensions are 14.98m length, 7.99m width, and 1.25m depth.', 'The deductible rate for claims is 0.5%.', 'The vessel is insured under a marine insurance policy.'], edges=[_SSTEdgeModel(source='The insured vessel is named KIRAZ.', relation='HAS_INSURED_ITEM', target='The vessel is insured under a marine insurance policy.'), _SSTEdgeModel(source='The vessel was built in 2019.', relation='HAS_YEAR', target='The insured vessel is named KIRAZ.'), _SSTEdgeModel(source='The vessel is used for private purposes.', relation='RELATES_TO', target='The vessel is insured under a marine insurance policy.'), _SSTEdgeModel(source='The deductible rate for claims is 0.5%.', relation='RELATES_TO', target='The vessel is insured under a marine insurance policy.')]), 'refusal': None}, response_metadata={'token_usage': {'completion_tokens': 241, 'prompt_tokens': 1210, 'total_tokens': 1451, 'completion_tokens_details': {'accepted_prediction_tokens': 0, 'audio_tokens': 0, 'reasoning_tokens': 0, 'rejected_prediction_tokens': 0}, 'prompt_tokens_details': {'audio_tokens': 0, 'cached_tokens': 1152}}, 'model_name': 'gpt-4o-2024-11-20', 'system_fingerprint': 'fp_f0e307537d', 'id': 'chatcmpl-CAkLY9IIhfq2YLHhPlEaW6AZiVcwl', 'service_tier': 'default', 'finish_reason': 'stop', 'logprobs': None}, id='run--daf20582-87bd-406d-ae62-67283068f0be-0', usage_metadata={'input_tokens': 1210, 'output_tokens': 241, 'total_tokens': 1451, 'input_token_details': {'audio': 0, 'cache_read': 1152}, 'output_token_details': {'audio': 0, 'reasoning': 0}}), 'parsed': _SSTGraphModel(nodes=['The insured vessel is named KIRAZ.', 'The vessel is flagged under TC.', 'The vessel was built in 2019.', 'The vessel is powered by 2 VOLVO 75 HP engines.', 'The vessel is used for private purposes.', 'The vessel has a speed of 9 knots.', 'The vessel is constructed from fiberglass.', 'The vessel dimensions are 14.98m length, 7.99m width, and 1.25m depth.', 'The deductible rate for claims is 0.5%.', 'The vessel is insured under a marine insurance policy.'], edges=[_SSTEdgeModel(source='The insured vessel is named KIRAZ.', relation='HAS_INSURED_ITEM', target='The vessel is insured under a marine insurance policy.'), _SSTEdgeModel(source='The vessel was built in 2019.', relation='HAS_YEAR', target='The insured vessel is named KIRAZ.'), _SSTEdgeModel(source='The vessel is used for private purposes.', relation='RELATES_TO', target='The vessel is insured under a marine insurance policy.'), _SSTEdgeModel(source='The deductible rate for claims is 0.5%.', relation='RELATES_TO', target='The vessel is insured under a marine insurance policy.')]), 'parsing_error': None}
🟢 LLM extraction logged for [unknown_document]: /Users/mehmeterdogan/python-projects/llm-graph-builder/backend/src/graph_transformer/../../logs/llm_extractions.jsonl
📊 Nodes: N/A, Relationships: N/A
✅ Chunk 2 EXTRACTION SONUÇLARI:
📊 Statement node sayısı: 10
🔗 Relationship sayısı: 0
📝 EXTRACTED STATEMENTS (ilk 3):
  1. [Statement] The insured vessel is named KIRAZ.
  2. [Statement] The vessel is flagged under TC.
  3. [Statement] The vessel was built in 2019.
  ... ve 7 tane daha
❌ Hiç relationship çıkarılmadı!

🚀 Chunk 3/5 SST extraction başlıyor...
📝 Chunk preview: :

:

## PRİM BİLGİLERİ ( EUR)

| TAKSİT NO   | TAKSİT TARİHİ   | TAKSİT TUTARI   | ÖDENECEK PRİM   | ÖDENECEK PRİM   | ÖDENECEK PRİM   |
|-------------|-----------------|-----------------|-----------...
📋 FULL PROMPT (structured mode):
System: # Insurance Domain SST Knowledge Graph Expert
You are an expert in extracting insurance policy information using the Semantic Spacetime (SST) model.
Your task is to create self-contained, factual statements that provide semantic clues for policy comparison and analysis.

## SST Insurance Statement Categories:

### EVENTS (Temporal processes - use LEADS_TO):
- Policy lifecycle: 'Policy ABC123 coverage starts on 01/07/2020'
- Payment sequences: 'First installment of 475 EUR is due on 01/07/2020'
- Claims processing: 'Claim submitted on 03/12/2020 for motor damage'
- Status changes: 'Policy renewal occurs on 01/07/2021'

### THINGS (Physical entities - use CONTAINS):
- Customers: 'Ahmet Cemal Dördüncü is the policyholder'
- Insured items: 'KIRAZ boat is the insured vessel built in 2019'
- Companies: 'DOGA SIGORTA is the insurance provider'
- Locations: 'Property is located at Galata Residans D4'

### CONCEPTS (Abstract properties - use EXPRESSES):
- Policy attributes: 'Policy type is Marine Insurance with comprehensive coverage'
- Financial terms: 'Total premium amount is 1900 EUR annually'
- Coverage details: 'Deductible rate is 0.5 percent of claim amount'
- Risk factors: 'Usage purpose is private recreational boating'

### RELATIONSHIPS (Comparisons - use NEAR_TO):
- Similar policies: 'Policy terms are similar to standard marine coverage'
- Comparable risks: 'Risk profile matches coastal boat insurance'

## SST Relationship Mapping:
- LEADS_TO: Temporal sequences, cause-effect, process steps
- CONTAINS: Hierarchical inclusion, policy components, coverage items
- EXPRESSES: Permanent attributes, characteristics, properties
- NEAR_TO: Similarity judgments, comparable terms, equivalent concepts
- STRICT CONSTRAINT: Only use these relations: ['HAS_YEAR', 'HAS_TYPE', 'HAS_POLICY', 'MENTIONS', 'HAS_MEMBER', 'DOCUMENTED_IN', 'RELATES_TO', 'HAS_DOC', 'HAS_INSURED_ITEM']

## Statement Quality Guidelines:
1. CONTEXT RICH: Include identifying information (names, dates, amounts)
2. SEARCH OPTIMIZED: Use terms that help semantic search (policy type, customer name, coverage)
3. AGENT FRIENDLY: Provide clues for graph navigation (policy numbers, dates, locations)
4. COMPARISON READY: Enable policy comparison (similar terms, amounts, coverage)

## Output Requirements:
- Each statement must be self-contained and factual
- Include relevant identifiers for semantic search
- Maintain insurance domain terminology
- Connect related statements with appropriate SST relations

Output Schema:
{
  "nodes": ["Insurance statement 1", "Insurance statement 2", ...],
  "edges": [
    {"source": "Statement1", "relation": "LEADS_TO", "target": "Statement2"}
  ]
}

## Domain Context Guidance:
Incorporate these insurance concepts in statements when relevant: PolicyType, InsuredItem, PolicyYear, Customer, ExtractTask, Episodic, Community, Entity
Human: Focus on insurance policy details, payment schedules, and coverage information.
## Task: Extract Insurance Policy Information
Transform the following insurance document text into SST graph format.
Focus on creating statements that help answer questions like:
- Policy terms and conditions
- Payment schedules and amounts
- Coverage details and limitations
- Customer and asset information
- Temporal relationships (start dates, due dates, expiry)
Use ONLY the allowed SST relations for connecting statements.
Text: :

:

## PRİM BİLGİLERİ ( EUR)

| TAKSİT NO   | TAKSİT TARİHİ   | TAKSİT TUTARI   | ÖDENECEK PRİM   | ÖDENECEK PRİM   | ÖDENECEK PRİM   |
|-------------|-----------------|-----------------|-----------------|-----------------|-----------------|
| Peşinat     | 01/07/2020      | 475,00          | Net Prim        | :               | 1.809,52        |
| 1. Taksit   | 01/08/2020      | 285,00          | BSMV            | :               | 90,48           |
| 2. Taksit   | 01/09/2020      | 285,00    ...
🔍 DEBUG - raw_output (no __dict__): {'raw': AIMessage(content='{"nodes":["Policy premium payment schedule starts on 01/07/2020","Initial down payment amount is 475 EUR due on 01/07/2020","First installment amount is 285 EUR due on 01/08/2020","Second installment amount is 285 EUR due on 01/09/2020","Third installment amount is 285 EUR due on 01/10/2020","Fourth installment amount is 285 EUR due on 01/11/2020","Fifth installment amount is 285 EUR due on 01/12/2020","Total premium amount is 1900 EUR"],"edges":[{"source":"Policy premium payment schedule starts on 01/07/2020","relation":"HAS_POLICY","target":"Initial down payment amount is 475 EUR due on 01/07/2020"},{"source":"Policy premium payment schedule starts on 01/07/2020","relation":"HAS_POLICY","target":"First installment amount is 285 EUR due on 01/08/2020"},{"source":"Policy premium payment schedule starts on 01/07/2020","relation":"HAS_POLICY","target":"Second installment amount is 285 EUR due on 01/09/2020"},{"source":"Policy premium payment schedule starts on 01/07/2020","relation":"HAS_POLICY","target":"Third installment amount is 285 EUR due on 01/10/2020"},{"source":"Policy premium payment schedule starts on 01/07/2020","relation":"HAS_POLICY","target":"Fourth installment amount is 285 EUR due on 01/11/2020"},{"source":"Policy premium payment schedule starts on 01/07/2020","relation":"HAS_POLICY","target":"Fifth installment amount is 285 EUR due on 01/12/2020"},{"source":"Policy premium payment schedule starts on 01/07/2020","relation":"RELATES_TO","target":"Total premium amount is 1900 EUR"}]}', additional_kwargs={'parsed': _SSTGraphModel(nodes=['Policy premium payment schedule starts on 01/07/2020', 'Initial down payment amount is 475 EUR due on 01/07/2020', 'First installment amount is 285 EUR due on 01/08/2020', 'Second installment amount is 285 EUR due on 01/09/2020', 'Third installment amount is 285 EUR due on 01/10/2020', 'Fourth installment amount is 285 EUR due on 01/11/2020', 'Fifth installment amount is 285 EUR due on 01/12/2020', 'Total premium amount is 1900 EUR'], edges=[_SSTEdgeModel(source='Policy premium payment schedule starts on 01/07/2020', relation='HAS_POLICY', target='Initial down payment amount is 475 EUR due on 01/07/2020'), _SSTEdgeModel(source='Policy premium payment schedule starts on 01/07/2020', relation='HAS_POLICY', target='First installment amount is 285 EUR due on 01/08/2020'), _SSTEdgeModel(source='Policy premium payment schedule starts on 01/07/2020', relation='HAS_POLICY', target='Second installment amount is 285 EUR due on 01/09/2020'), _SSTEdgeModel(source='Policy premium payment schedule starts on 01/07/2020', relation='HAS_POLICY', target='Third installment amount is 285 EUR due on 01/10/2020'), _SSTEdgeModel(source='Policy premium payment schedule starts on 01/07/2020', relation='HAS_POLICY', target='Fourth installment amount is 285 EUR due on 01/11/2020'), _SSTEdgeModel(source='Policy premium payment schedule starts on 01/07/2020', relation='HAS_POLICY', target='Fifth installment amount is 285 EUR due on 01/12/2020'), _SSTEdgeModel(source='Policy premium payment schedule starts on 01/07/2020', relation='RELATES_TO', target='Total premium amount is 1900 EUR')]), 'refusal': None}, response_metadata={'token_usage': {'completion_tokens': 410, 'prompt_tokens': 1334, 'total_tokens': 1744, 'completion_tokens_details': {'accepted_prediction_tokens': 0, 'audio_tokens': 0, 'reasoning_tokens': 0, 'rejected_prediction_tokens': 0}, 'prompt_tokens_details': {'audio_tokens': 0, 'cached_tokens': 1280}}, 'model_name': 'gpt-4o-2024-11-20', 'system_fingerprint': 'fp_f0e307537d', 'id': 'chatcmpl-CAkLafWsBm06kvxZGntWoKpLgsGjC', 'service_tier': 'default', 'finish_reason': 'stop', 'logprobs': None}, id='run--7b10cc41-3dad-4b46-81e1-c0b379fd5177-0', usage_metadata={'input_tokens': 1334, 'output_tokens': 410, 'total_tokens': 1744, 'input_token_details': {'audio': 0, 'cache_read': 1280}, 'output_token_details': {'audio': 0, 'reasoning': 0}}), 'parsed': _SSTGraphModel(nodes=['Policy premium payment schedule starts on 01/07/2020', 'Initial down payment amount is 475 EUR due on 01/07/2020', 'First installment amount is 285 EUR due on 01/08/2020', 'Second installment amount is 285 EUR due on 01/09/2020', 'Third installment amount is 285 EUR due on 01/10/2020', 'Fourth installment amount is 285 EUR due on 01/11/2020', 'Fifth installment amount is 285 EUR due on 01/12/2020', 'Total premium amount is 1900 EUR'], edges=[_SSTEdgeModel(source='Policy premium payment schedule starts on 01/07/2020', relation='HAS_POLICY', target='Initial down payment amount is 475 EUR due on 01/07/2020'), _SSTEdgeModel(source='Policy premium payment schedule starts on 01/07/2020', relation='HAS_POLICY', target='First installment amount is 285 EUR due on 01/08/2020'), _SSTEdgeModel(source='Policy premium payment schedule starts on 01/07/2020', relation='HAS_POLICY', target='Second installment amount is 285 EUR due on 01/09/2020'), _SSTEdgeModel(source='Policy premium payment schedule starts on 01/07/2020', relation='HAS_POLICY', target='Third installment amount is 285 EUR due on 01/10/2020'), _SSTEdgeModel(source='Policy premium payment schedule starts on 01/07/2020', relation='HAS_POLICY', target='Fourth installment amount is 285 EUR due on 01/11/2020'), _SSTEdgeModel(source='Policy premium payment schedule starts on 01/07/2020', relation='HAS_POLICY', target='Fifth installment amount is 285 EUR due on 01/12/2020'), _SSTEdgeModel(source='Policy premium payment schedule starts on 01/07/2020', relation='RELATES_TO', target='Total premium amount is 1900 EUR')]), 'parsing_error': None}
🔍 DEBUG - raw_output type: <class 'dict'>
🔍 DEBUG - raw_output content: {'raw': AIMessage(content='{"nodes":["Policy premium payment schedule starts on 01/07/2020","Initial down payment amount is 475 EUR due on 01/07/2020","First installment amount is 285 EUR due on 01/08/2020","Second installment amount is 285 EUR due on 01/09/2020","Third installment amount is 285 EUR due on 01/10/2020","Fourth installment amount is 285 EUR due on 01/11/2020","Fifth installment amount is 285 EUR due on 01/12/2020","Total premium amount is 1900 EUR"],"edges":[{"source":"Policy premium payment schedule starts on 01/07/2020","relation":"HAS_POLICY","target":"Initial down payment amount is 475 EUR due on 01/07/2020"},{"source":"Policy premium payment schedule starts on 01/07/2020","relation":"HAS_POLICY","target":"First installment amount is 285 EUR due on 01/08/2020"},{"source":"Policy premium payment schedule starts on 01/07/2020","relation":"HAS_POLICY","target":"Second installment amount is 285 EUR due on 01/09/2020"},{"source":"Policy premium payment schedule starts on 01/07/2020","relation":"HAS_POLICY","target":"Third installment amount is 285 EUR due on 01/10/2020"},{"source":"Policy premium payment schedule starts on 01/07/2020","relation":"HAS_POLICY","target":"Fourth installment amount is 285 EUR due on 01/11/2020"},{"source":"Policy premium payment schedule starts on 01/07/2020","relation":"HAS_POLICY","target":"Fifth installment amount is 285 EUR due on 01/12/2020"},{"source":"Policy premium payment schedule starts on 01/07/2020","relation":"RELATES_TO","target":"Total premium amount is 1900 EUR"}]}', additional_kwargs={'parsed': _SSTGraphModel(nodes=['Policy premium payment schedule starts on 01/07/2020', 'Initial down payment amount is 475 EUR due on 01/07/2020', 'First installment amount is 285 EUR due on 01/08/2020', 'Second installment amount is 285 EUR due on 01/09/2020', 'Third installment amount is 285 EUR due on 01/10/2020', 'Fourth installment amount is 285 EUR due on 01/11/2020', 'Fifth installment amount is 285 EUR due on 01/12/2020', 'Total premium amount is 1900 EUR'], edges=[_SSTEdgeModel(source='Policy premium payment schedule starts on 01/07/2020', relation='HAS_POLICY', target='Initial down payment amount is 475 EUR due on 01/07/2020'), _SSTEdgeModel(source='Policy premium payment schedule starts on 01/07/2020', relation='HAS_POLICY', target='First installment amount is 285 EUR due on 01/08/2020'), _SSTEdgeModel(source='Policy premium payment schedule starts on 01/07/2020', relation='HAS_POLICY', target='Second installment amount is 285 EUR due on 01/09/2020'), _SSTEdgeModel(source='Policy premium payment schedule starts on 01/07/2020', relation='HAS_POLICY', target='Third installment amount is 285 EUR due on 01/10/2020'), _SSTEdgeModel(source='Policy premium payment schedule starts on 01/07/2020', relation='HAS_POLICY', target='Fourth installment amount is 285 EUR due on 01/11/2020'), _SSTEdgeModel(source='Policy premium payment schedule starts on 01/07/2020', relation='HAS_POLICY', target='Fifth installment amount is 285 EUR due on 01/12/2020'), _SSTEdgeModel(source='Policy premium payment schedule starts on 01/07/2020', relation='RELATES_TO', target='Total premium amount is 1900 EUR')]), 'refusal': None}, response_metadata={'token_usage': {'completion_tokens': 410, 'prompt_tokens': 1334, 'total_tokens': 1744, 'completion_tokens_details': {'accepted_prediction_tokens': 0, 'audio_tokens': 0, 'reasoning_tokens': 0, 'rejected_prediction_tokens': 0}, 'prompt_tokens_details': {'audio_tokens': 0, 'cached_tokens': 1280}}, 'model_name': 'gpt-4o-2024-11-20', 'system_fingerprint': 'fp_f0e307537d', 'id': 'chatcmpl-CAkLafWsBm06kvxZGntWoKpLgsGjC', 'service_tier': 'default', 'finish_reason': 'stop', 'logprobs': None}, id='run--7b10cc41-3dad-4b46-81e1-c0b379fd5177-0', usage_metadata={'input_tokens': 1334, 'output_tokens': 410, 'total_tokens': 1744, 'input_token_details': {'audio': 0, 'cache_read': 1280}, 'output_token_details': {'audio': 0, 'reasoning': 0}}), 'parsed': _SSTGraphModel(nodes=['Policy premium payment schedule starts on 01/07/2020', 'Initial down payment amount is 475 EUR due on 01/07/2020', 'First installment amount is 285 EUR due on 01/08/2020', 'Second installment amount is 285 EUR due on 01/09/2020', 'Third installment amount is 285 EUR due on 01/10/2020', 'Fourth installment amount is 285 EUR due on 01/11/2020', 'Fifth installment amount is 285 EUR due on 01/12/2020', 'Total premium amount is 1900 EUR'], edges=[_SSTEdgeModel(source='Policy premium payment schedule starts on 01/07/2020', relation='HAS_POLICY', target='Initial down payment amount is 475 EUR due on 01/07/2020'), _SSTEdgeModel(source='Policy premium payment schedule starts on 01/07/2020', relation='HAS_POLICY', target='First installment amount is 285 EUR due on 01/08/2020'), _SSTEdgeModel(source='Policy premium payment schedule starts on 01/07/2020', relation='HAS_POLICY', target='Second installment amount is 285 EUR due on 01/09/2020'), _SSTEdgeModel(source='Policy premium payment schedule starts on 01/07/2020', relation='HAS_POLICY', target='Third installment amount is 285 EUR due on 01/10/2020'), _SSTEdgeModel(source='Policy premium payment schedule starts on 01/07/2020', relation='HAS_POLICY', target='Fourth installment amount is 285 EUR due on 01/11/2020'), _SSTEdgeModel(source='Policy premium payment schedule starts on 01/07/2020', relation='HAS_POLICY', target='Fifth installment amount is 285 EUR due on 01/12/2020'), _SSTEdgeModel(source='Policy premium payment schedule starts on 01/07/2020', relation='RELATES_TO', target='Total premium amount is 1900 EUR')]), 'parsing_error': None}
🟢 LLM extraction logged for [unknown_document]: /Users/mehmeterdogan/python-projects/llm-graph-builder/backend/src/graph_transformer/../../logs/llm_extractions.jsonl
📊 Nodes: N/A, Relationships: N/A
✅ Chunk 3 EXTRACTION SONUÇLARI:
📊 Statement node sayısı: 8
🔗 Relationship sayısı: 0
📝 EXTRACTED STATEMENTS (ilk 3):
  1. [Statement] Policy premium payment schedule starts on 01/07/2020
  2. [Statement] Initial down payment amount is 475 EUR due on 01/07/2020
  3. [Statement] First installment amount is 285 EUR due on 01/08/2020
  ... ve 5 tane daha
❌ Hiç relationship çıkarılmadı!

🚀 Chunk 4/5 SST extraction başlıyor...
📝 Chunk preview: ## SİGORTA KONUSU TEMİNATLAR...
📋 FULL PROMPT (structured mode):
System: # Insurance Domain SST Knowledge Graph Expert
You are an expert in extracting insurance policy information using the Semantic Spacetime (SST) model.
Your task is to create self-contained, factual statements that provide semantic clues for policy comparison and analysis.

## SST Insurance Statement Categories:

### EVENTS (Temporal processes - use LEADS_TO):
- Policy lifecycle: 'Policy ABC123 coverage starts on 01/07/2020'
- Payment sequences: 'First installment of 475 EUR is due on 01/07/2020'
- Claims processing: 'Claim submitted on 03/12/2020 for motor damage'
- Status changes: 'Policy renewal occurs on 01/07/2021'

### THINGS (Physical entities - use CONTAINS):
- Customers: 'Ahmet Cemal Dördüncü is the policyholder'
- Insured items: 'KIRAZ boat is the insured vessel built in 2019'
- Companies: 'DOGA SIGORTA is the insurance provider'
- Locations: 'Property is located at Galata Residans D4'

### CONCEPTS (Abstract properties - use EXPRESSES):
- Policy attributes: 'Policy type is Marine Insurance with comprehensive coverage'
- Financial terms: 'Total premium amount is 1900 EUR annually'
- Coverage details: 'Deductible rate is 0.5 percent of claim amount'
- Risk factors: 'Usage purpose is private recreational boating'

### RELATIONSHIPS (Comparisons - use NEAR_TO):
- Similar policies: 'Policy terms are similar to standard marine coverage'
- Comparable risks: 'Risk profile matches coastal boat insurance'

## SST Relationship Mapping:
- LEADS_TO: Temporal sequences, cause-effect, process steps
- CONTAINS: Hierarchical inclusion, policy components, coverage items
- EXPRESSES: Permanent attributes, characteristics, properties
- NEAR_TO: Similarity judgments, comparable terms, equivalent concepts
- STRICT CONSTRAINT: Only use these relations: ['HAS_YEAR', 'HAS_TYPE', 'HAS_POLICY', 'MENTIONS', 'HAS_MEMBER', 'DOCUMENTED_IN', 'RELATES_TO', 'HAS_DOC', 'HAS_INSURED_ITEM']

## Statement Quality Guidelines:
1. CONTEXT RICH: Include identifying information (names, dates, amounts)
2. SEARCH OPTIMIZED: Use terms that help semantic search (policy type, customer name, coverage)
3. AGENT FRIENDLY: Provide clues for graph navigation (policy numbers, dates, locations)
4. COMPARISON READY: Enable policy comparison (similar terms, amounts, coverage)

## Output Requirements:
- Each statement must be self-contained and factual
- Include relevant identifiers for semantic search
- Maintain insurance domain terminology
- Connect related statements with appropriate SST relations

Output Schema:
{
  "nodes": ["Insurance statement 1", "Insurance statement 2", ...],
  "edges": [
    {"source": "Statement1", "relation": "LEADS_TO", "target": "Statement2"}
  ]
}

## Domain Context Guidance:
Incorporate these insurance concepts in statements when relevant: PolicyType, InsuredItem, PolicyYear, Customer, ExtractTask, Episodic, Community, Entity
Human: Focus on insurance policy details, payment schedules, and coverage information.
## Task: Extract Insurance Policy Information
Transform the following insurance document text into SST graph format.
Focus on creating statements that help answer questions like:
- Policy terms and conditions
- Payment schedules and amounts
- Coverage details and limitations
- Customer and asset information
- Temporal relationships (start dates, due dates, expiry)
Use ONLY the allowed SST relations for connecting statements.
Text: ## SİGORTA KONUSU TEMİNATLAR...
🔍 DEBUG - raw_output (no __dict__): {'raw': AIMessage(content='{"nodes":["Policy coverage includes fire, theft, and natural disaster protection","Policyholder is Ahmet Cemal Dördüncü","Policy type is comprehensive home insurance","Total premium amount is 1200 EUR annually","First installment of 300 EUR is due on 01/01/2023","Policy coverage starts on 01/01/2023","Policy coverage ends on 31/12/2023"],"edges":[{"source":"Policy coverage includes fire, theft, and natural disaster protection","relation":"HAS_TYPE","target":"Policy type is comprehensive home insurance"},{"source":"Policyholder is Ahmet Cemal Dördüncü","relation":"HAS_POLICY","target":"Policy type is comprehensive home insurance"},{"source":"Total premium amount is 1200 EUR annually","relation":"DOCUMENTED_IN","target":"Policy type is comprehensive home insurance"},{"source":"First installment of 300 EUR is due on 01/01/2023","relation":"RELATES_TO","target":"Total premium amount is 1200 EUR annually"},{"source":"Policy coverage starts on 01/01/2023","relation":"HAS_YEAR","target":"Policy coverage ends on 31/12/2023"}]}', additional_kwargs={'parsed': _SSTGraphModel(nodes=['Policy coverage includes fire, theft, and natural disaster protection', 'Policyholder is Ahmet Cemal Dördüncü', 'Policy type is comprehensive home insurance', 'Total premium amount is 1200 EUR annually', 'First installment of 300 EUR is due on 01/01/2023', 'Policy coverage starts on 01/01/2023', 'Policy coverage ends on 31/12/2023'], edges=[_SSTEdgeModel(source='Policy coverage includes fire, theft, and natural disaster protection', relation='HAS_TYPE', target='Policy type is comprehensive home insurance'), _SSTEdgeModel(source='Policyholder is Ahmet Cemal Dördüncü', relation='HAS_POLICY', target='Policy type is comprehensive home insurance'), _SSTEdgeModel(source='Total premium amount is 1200 EUR annually', relation='DOCUMENTED_IN', target='Policy type is comprehensive home insurance'), _SSTEdgeModel(source='First installment of 300 EUR is due on 01/01/2023', relation='RELATES_TO', target='Total premium amount is 1200 EUR annually'), _SSTEdgeModel(source='Policy coverage starts on 01/01/2023', relation='HAS_YEAR', target='Policy coverage ends on 31/12/2023')]), 'refusal': None}, response_metadata={'token_usage': {'completion_tokens': 243, 'prompt_tokens': 1039, 'total_tokens': 1282, 'completion_tokens_details': {'accepted_prediction_tokens': 0, 'audio_tokens': 0, 'reasoning_tokens': 0, 'rejected_prediction_tokens': 0}, 'prompt_tokens_details': {'audio_tokens': 0, 'cached_tokens': 1024}}, 'model_name': 'gpt-4o-2024-11-20', 'system_fingerprint': 'fp_f0e307537d', 'id': 'chatcmpl-CAkLdoZqmogcYxu7RmSk7jQij6cG4', 'service_tier': 'default', 'finish_reason': 'stop', 'logprobs': None}, id='run--dfd27e2c-0e05-44d6-9206-9b913f33803b-0', usage_metadata={'input_tokens': 1039, 'output_tokens': 243, 'total_tokens': 1282, 'input_token_details': {'audio': 0, 'cache_read': 1024}, 'output_token_details': {'audio': 0, 'reasoning': 0}}), 'parsed': _SSTGraphModel(nodes=['Policy coverage includes fire, theft, and natural disaster protection', 'Policyholder is Ahmet Cemal Dördüncü', 'Policy type is comprehensive home insurance', 'Total premium amount is 1200 EUR annually', 'First installment of 300 EUR is due on 01/01/2023', 'Policy coverage starts on 01/01/2023', 'Policy coverage ends on 31/12/2023'], edges=[_SSTEdgeModel(source='Policy coverage includes fire, theft, and natural disaster protection', relation='HAS_TYPE', target='Policy type is comprehensive home insurance'), _SSTEdgeModel(source='Policyholder is Ahmet Cemal Dördüncü', relation='HAS_POLICY', target='Policy type is comprehensive home insurance'), _SSTEdgeModel(source='Total premium amount is 1200 EUR annually', relation='DOCUMENTED_IN', target='Policy type is comprehensive home insurance'), _SSTEdgeModel(source='First installment of 300 EUR is due on 01/01/2023', relation='RELATES_TO', target='Total premium amount is 1200 EUR annually'), _SSTEdgeModel(source='Policy coverage starts on 01/01/2023', relation='HAS_YEAR', target='Policy coverage ends on 31/12/2023')]), 'parsing_error': None}
🔍 DEBUG - raw_output type: <class 'dict'>
🔍 DEBUG - raw_output content: {'raw': AIMessage(content='{"nodes":["Policy coverage includes fire, theft, and natural disaster protection","Policyholder is Ahmet Cemal Dördüncü","Policy type is comprehensive home insurance","Total premium amount is 1200 EUR annually","First installment of 300 EUR is due on 01/01/2023","Policy coverage starts on 01/01/2023","Policy coverage ends on 31/12/2023"],"edges":[{"source":"Policy coverage includes fire, theft, and natural disaster protection","relation":"HAS_TYPE","target":"Policy type is comprehensive home insurance"},{"source":"Policyholder is Ahmet Cemal Dördüncü","relation":"HAS_POLICY","target":"Policy type is comprehensive home insurance"},{"source":"Total premium amount is 1200 EUR annually","relation":"DOCUMENTED_IN","target":"Policy type is comprehensive home insurance"},{"source":"First installment of 300 EUR is due on 01/01/2023","relation":"RELATES_TO","target":"Total premium amount is 1200 EUR annually"},{"source":"Policy coverage starts on 01/01/2023","relation":"HAS_YEAR","target":"Policy coverage ends on 31/12/2023"}]}', additional_kwargs={'parsed': _SSTGraphModel(nodes=['Policy coverage includes fire, theft, and natural disaster protection', 'Policyholder is Ahmet Cemal Dördüncü', 'Policy type is comprehensive home insurance', 'Total premium amount is 1200 EUR annually', 'First installment of 300 EUR is due on 01/01/2023', 'Policy coverage starts on 01/01/2023', 'Policy coverage ends on 31/12/2023'], edges=[_SSTEdgeModel(source='Policy coverage includes fire, theft, and natural disaster protection', relation='HAS_TYPE', target='Policy type is comprehensive home insurance'), _SSTEdgeModel(source='Policyholder is Ahmet Cemal Dördüncü', relation='HAS_POLICY', target='Policy type is comprehensive home insurance'), _SSTEdgeModel(source='Total premium amount is 1200 EUR annually', relation='DOCUMENTED_IN', target='Policy type is comprehensive home insurance'), _SSTEdgeModel(source='First installment of 300 EUR is due on 01/01/2023', relation='RELATES_TO', target='Total premium amount is 1200 EUR annually'), _SSTEdgeModel(source='Policy coverage starts on 01/01/2023', relation='HAS_YEAR', target='Policy coverage ends on 31/12/2023')]), 'refusal': None}, response_metadata={'token_usage': {'completion_tokens': 243, 'prompt_tokens': 1039, 'total_tokens': 1282, 'completion_tokens_details': {'accepted_prediction_tokens': 0, 'audio_tokens': 0, 'reasoning_tokens': 0, 'rejected_prediction_tokens': 0}, 'prompt_tokens_details': {'audio_tokens': 0, 'cached_tokens': 1024}}, 'model_name': 'gpt-4o-2024-11-20', 'system_fingerprint': 'fp_f0e307537d', 'id': 'chatcmpl-CAkLdoZqmogcYxu7RmSk7jQij6cG4', 'service_tier': 'default', 'finish_reason': 'stop', 'logprobs': None}, id='run--dfd27e2c-0e05-44d6-9206-9b913f33803b-0', usage_metadata={'input_tokens': 1039, 'output_tokens': 243, 'total_tokens': 1282, 'input_token_details': {'audio': 0, 'cache_read': 1024}, 'output_token_details': {'audio': 0, 'reasoning': 0}}), 'parsed': _SSTGraphModel(nodes=['Policy coverage includes fire, theft, and natural disaster protection', 'Policyholder is Ahmet Cemal Dördüncü', 'Policy type is comprehensive home insurance', 'Total premium amount is 1200 EUR annually', 'First installment of 300 EUR is due on 01/01/2023', 'Policy coverage starts on 01/01/2023', 'Policy coverage ends on 31/12/2023'], edges=[_SSTEdgeModel(source='Policy coverage includes fire, theft, and natural disaster protection', relation='HAS_TYPE', target='Policy type is comprehensive home insurance'), _SSTEdgeModel(source='Policyholder is Ahmet Cemal Dördüncü', relation='HAS_POLICY', target='Policy type is comprehensive home insurance'), _SSTEdgeModel(source='Total premium amount is 1200 EUR annually', relation='DOCUMENTED_IN', target='Policy type is comprehensive home insurance'), _SSTEdgeModel(source='First installment of 300 EUR is due on 01/01/2023', relation='RELATES_TO', target='Total premium amount is 1200 EUR annually'), _SSTEdgeModel(source='Policy coverage starts on 01/01/2023', relation='HAS_YEAR', target='Policy coverage ends on 31/12/2023')]), 'parsing_error': None}
🟢 LLM extraction logged for [unknown_document]: /Users/mehmeterdogan/python-projects/llm-graph-builder/backend/src/graph_transformer/../../logs/llm_extractions.jsonl
📊 Nodes: N/A, Relationships: N/A
✅ Chunk 4 EXTRACTION SONUÇLARI:
📊 Statement node sayısı: 7
🔗 Relationship sayısı: 0
📝 EXTRACTED STATEMENTS (ilk 3):
  1. [Statement] Policy coverage includes fire, theft, and natural disaster protection
  2. [Statement] Policyholder is Ahmet Cemal Dördüncü
  3. [Statement] Policy type is comprehensive home insurance
  ... ve 4 tane daha
❌ Hiç relationship çıkarılmadı!

🚀 Chunk 5/5 SST extraction başlıyor...
📝 Chunk preview: | TEMİNATLAR                | DÖVİZLİ BEDEL   | DÖVİZ CİNSİ   |   DÖVİZ KURU |
|---------------------------|-----------------|---------------|--------------|
| YAT GÖVDE TEMİNATI        | 760.000,00  ...
📋 FULL PROMPT (structured mode):
System: # Insurance Domain SST Knowledge Graph Expert
You are an expert in extracting insurance policy information using the Semantic Spacetime (SST) model.
Your task is to create self-contained, factual statements that provide semantic clues for policy comparison and analysis.

## SST Insurance Statement Categories:

### EVENTS (Temporal processes - use LEADS_TO):
- Policy lifecycle: 'Policy ABC123 coverage starts on 01/07/2020'
- Payment sequences: 'First installment of 475 EUR is due on 01/07/2020'
- Claims processing: 'Claim submitted on 03/12/2020 for motor damage'
- Status changes: 'Policy renewal occurs on 01/07/2021'

### THINGS (Physical entities - use CONTAINS):
- Customers: 'Ahmet Cemal Dördüncü is the policyholder'
- Insured items: 'KIRAZ boat is the insured vessel built in 2019'
- Companies: 'DOGA SIGORTA is the insurance provider'
- Locations: 'Property is located at Galata Residans D4'

### CONCEPTS (Abstract properties - use EXPRESSES):
- Policy attributes: 'Policy type is Marine Insurance with comprehensive coverage'
- Financial terms: 'Total premium amount is 1900 EUR annually'
- Coverage details: 'Deductible rate is 0.5 percent of claim amount'
- Risk factors: 'Usage purpose is private recreational boating'

### RELATIONSHIPS (Comparisons - use NEAR_TO):
- Similar policies: 'Policy terms are similar to standard marine coverage'
- Comparable risks: 'Risk profile matches coastal boat insurance'

## SST Relationship Mapping:
- LEADS_TO: Temporal sequences, cause-effect, process steps
- CONTAINS: Hierarchical inclusion, policy components, coverage items
- EXPRESSES: Permanent attributes, characteristics, properties
- NEAR_TO: Similarity judgments, comparable terms, equivalent concepts
- STRICT CONSTRAINT: Only use these relations: ['HAS_YEAR', 'HAS_TYPE', 'HAS_POLICY', 'MENTIONS', 'HAS_MEMBER', 'DOCUMENTED_IN', 'RELATES_TO', 'HAS_DOC', 'HAS_INSURED_ITEM']

## Statement Quality Guidelines:
1. CONTEXT RICH: Include identifying information (names, dates, amounts)
2. SEARCH OPTIMIZED: Use terms that help semantic search (policy type, customer name, coverage)
3. AGENT FRIENDLY: Provide clues for graph navigation (policy numbers, dates, locations)
4. COMPARISON READY: Enable policy comparison (similar terms, amounts, coverage)

## Output Requirements:
- Each statement must be self-contained and factual
- Include relevant identifiers for semantic search
- Maintain insurance domain terminology
- Connect related statements with appropriate SST relations

Output Schema:
{
  "nodes": ["Insurance statement 1", "Insurance statement 2", ...],
  "edges": [
    {"source": "Statement1", "relation": "LEADS_TO", "target": "Statement2"}
  ]
}

## Domain Context Guidance:
Incorporate these insurance concepts in statements when relevant: PolicyType, InsuredItem, PolicyYear, Customer, ExtractTask, Episodic, Community, Entity
Human: Focus on insurance policy details, payment schedules, and coverage information.
## Task: Extract Insurance Policy Information
Transform the following insurance document text into SST graph format.
Focus on creating statements that help answer questions like:
- Policy terms and conditions
- Payment schedules and amounts
- Coverage details and limitations
- Customer and asset information
- Temporal relationships (start dates, due dates, expiry)
Use ONLY the allowed SST relations for connecting statements.
Text: | TEMİNATLAR                | DÖVİZLİ BEDEL   | DÖVİZ CİNSİ   |   DÖVİZ KURU |
|---------------------------|-----------------|---------------|--------------|
| YAT GÖVDE TEMİNATI        | 760.000,00      | EUR           |       7.7278 |
| HARP / GREV               | 760.000,00      | EUR           |       7.7278 |
| KİŞİSEL EŞYA              | 20.000,00       | EUR           |       7.7278 |
| FERDİ KAZA                | 25.000,00       | EUR           |       7.7278 |
| HUKUKSAL KORUMA         ...
🔍 DEBUG - raw_output (no __dict__): {'raw': AIMessage(content='{"nodes":["Policy includes Yacht Hull Coverage with a sum insured of 760,000 EUR","Policy includes War/Strike Coverage with a sum insured of 760,000 EUR","Policy includes Personal Belongings Coverage with a sum insured of 20,000 EUR","Policy includes Personal Accident Coverage with a sum insured of 25,000 EUR","Policy includes Legal Protection Coverage with a sum insured of 10,000 EUR","Policy includes Environmental Pollution Coverage with a sum insured of 150,000 EUR","Policy includes Electronic Equipment Coverage with a sum insured of 10,000 EUR","Policy includes AK Yacht Assistance Coverage with a sum insured of 1,294.03 EUR","Policy includes Towing and Salvage Coverage with a sum insured of 10,000 EUR","Policy includes Uninsured Boat Coverage with a sum insured of 100,000 EUR"],"edges":[{"source":"Policy includes Yacht Hull Coverage with a sum insured of 760,000 EUR","relation":"HAS_TYPE","target":"Policy includes War/Strike Coverage with a sum insured of 760,000 EUR"},{"source":"Policy includes Personal Belongings Coverage with a sum insured of 20,000 EUR","relation":"HAS_TYPE","target":"Policy includes Personal Accident Coverage with a sum insured of 25,000 EUR"},{"source":"Policy includes Legal Protection Coverage with a sum insured of 10,000 EUR","relation":"HAS_TYPE","target":"Policy includes Environmental Pollution Coverage with a sum insured of 150,000 EUR"},{"source":"Policy includes Electronic Equipment Coverage with a sum insured of 10,000 EUR","relation":"HAS_TYPE","target":"Policy includes AK Yacht Assistance Coverage with a sum insured of 1,294.03 EUR"},{"source":"Policy includes Towing and Salvage Coverage with a sum insured of 10,000 EUR","relation":"HAS_TYPE","target":"Policy includes Uninsured Boat Coverage with a sum insured of 100,000 EUR"}]}', additional_kwargs={'parsed': _SSTGraphModel(nodes=['Policy includes Yacht Hull Coverage with a sum insured of 760,000 EUR', 'Policy includes War/Strike Coverage with a sum insured of 760,000 EUR', 'Policy includes Personal Belongings Coverage with a sum insured of 20,000 EUR', 'Policy includes Personal Accident Coverage with a sum insured of 25,000 EUR', 'Policy includes Legal Protection Coverage with a sum insured of 10,000 EUR', 'Policy includes Environmental Pollution Coverage with a sum insured of 150,000 EUR', 'Policy includes Electronic Equipment Coverage with a sum insured of 10,000 EUR', 'Policy includes AK Yacht Assistance Coverage with a sum insured of 1,294.03 EUR', 'Policy includes Towing and Salvage Coverage with a sum insured of 10,000 EUR', 'Policy includes Uninsured Boat Coverage with a sum insured of 100,000 EUR'], edges=[_SSTEdgeModel(source='Policy includes Yacht Hull Coverage with a sum insured of 760,000 EUR', relation='HAS_TYPE', target='Policy includes War/Strike Coverage with a sum insured of 760,000 EUR'), _SSTEdgeModel(source='Policy includes Personal Belongings Coverage with a sum insured of 20,000 EUR', relation='HAS_TYPE', target='Policy includes Personal Accident Coverage with a sum insured of 25,000 EUR'), _SSTEdgeModel(source='Policy includes Legal Protection Coverage with a sum insured of 10,000 EUR', relation='HAS_TYPE', target='Policy includes Environmental Pollution Coverage with a sum insured of 150,000 EUR'), _SSTEdgeModel(source='Policy includes Electronic Equipment Coverage with a sum insured of 10,000 EUR', relation='HAS_TYPE', target='Policy includes AK Yacht Assistance Coverage with a sum insured of 1,294.03 EUR'), _SSTEdgeModel(source='Policy includes Towing and Salvage Coverage with a sum insured of 10,000 EUR', relation='HAS_TYPE', target='Policy includes Uninsured Boat Coverage with a sum insured of 100,000 EUR')]), 'refusal': None}, response_metadata={'token_usage': {'completion_tokens': 393, 'prompt_tokens': 1371, 'total_tokens': 1764, 'completion_tokens_details': {'accepted_prediction_tokens': 0, 'audio_tokens': 0, 'reasoning_tokens': 0, 'rejected_prediction_tokens': 0}, 'prompt_tokens_details': {'audio_tokens': 0, 'cached_tokens': 1280}}, 'model_name': 'gpt-4o-2024-11-20', 'system_fingerprint': 'fp_f0e307537d', 'id': 'chatcmpl-CAkLfcbBtAUAXsRocmYUL9pJ1S4s8', 'service_tier': 'default', 'finish_reason': 'stop', 'logprobs': None}, id='run--17e22ede-847a-4167-9307-d4f64fd22afb-0', usage_metadata={'input_tokens': 1371, 'output_tokens': 393, 'total_tokens': 1764, 'input_token_details': {'audio': 0, 'cache_read': 1280}, 'output_token_details': {'audio': 0, 'reasoning': 0}}), 'parsed': _SSTGraphModel(nodes=['Policy includes Yacht Hull Coverage with a sum insured of 760,000 EUR', 'Policy includes War/Strike Coverage with a sum insured of 760,000 EUR', 'Policy includes Personal Belongings Coverage with a sum insured of 20,000 EUR', 'Policy includes Personal Accident Coverage with a sum insured of 25,000 EUR', 'Policy includes Legal Protection Coverage with a sum insured of 10,000 EUR', 'Policy includes Environmental Pollution Coverage with a sum insured of 150,000 EUR', 'Policy includes Electronic Equipment Coverage with a sum insured of 10,000 EUR', 'Policy includes AK Yacht Assistance Coverage with a sum insured of 1,294.03 EUR', 'Policy includes Towing and Salvage Coverage with a sum insured of 10,000 EUR', 'Policy includes Uninsured Boat Coverage with a sum insured of 100,000 EUR'], edges=[_SSTEdgeModel(source='Policy includes Yacht Hull Coverage with a sum insured of 760,000 EUR', relation='HAS_TYPE', target='Policy includes War/Strike Coverage with a sum insured of 760,000 EUR'), _SSTEdgeModel(source='Policy includes Personal Belongings Coverage with a sum insured of 20,000 EUR', relation='HAS_TYPE', target='Policy includes Personal Accident Coverage with a sum insured of 25,000 EUR'), _SSTEdgeModel(source='Policy includes Legal Protection Coverage with a sum insured of 10,000 EUR', relation='HAS_TYPE', target='Policy includes Environmental Pollution Coverage with a sum insured of 150,000 EUR'), _SSTEdgeModel(source='Policy includes Electronic Equipment Coverage with a sum insured of 10,000 EUR', relation='HAS_TYPE', target='Policy includes AK Yacht Assistance Coverage with a sum insured of 1,294.03 EUR'), _SSTEdgeModel(source='Policy includes Towing and Salvage Coverage with a sum insured of 10,000 EUR', relation='HAS_TYPE', target='Policy includes Uninsured Boat Coverage with a sum insured of 100,000 EUR')]), 'parsing_error': None}
🔍 DEBUG - raw_output type: <class 'dict'>
🔍 DEBUG - raw_output content: {'raw': AIMessage(content='{"nodes":["Policy includes Yacht Hull Coverage with a sum insured of 760,000 EUR","Policy includes War/Strike Coverage with a sum insured of 760,000 EUR","Policy includes Personal Belongings Coverage with a sum insured of 20,000 EUR","Policy includes Personal Accident Coverage with a sum insured of 25,000 EUR","Policy includes Legal Protection Coverage with a sum insured of 10,000 EUR","Policy includes Environmental Pollution Coverage with a sum insured of 150,000 EUR","Policy includes Electronic Equipment Coverage with a sum insured of 10,000 EUR","Policy includes AK Yacht Assistance Coverage with a sum insured of 1,294.03 EUR","Policy includes Towing and Salvage Coverage with a sum insured of 10,000 EUR","Policy includes Uninsured Boat Coverage with a sum insured of 100,000 EUR"],"edges":[{"source":"Policy includes Yacht Hull Coverage with a sum insured of 760,000 EUR","relation":"HAS_TYPE","target":"Policy includes War/Strike Coverage with a sum insured of 760,000 EUR"},{"source":"Policy includes Personal Belongings Coverage with a sum insured of 20,000 EUR","relation":"HAS_TYPE","target":"Policy includes Personal Accident Coverage with a sum insured of 25,000 EUR"},{"source":"Policy includes Legal Protection Coverage with a sum insured of 10,000 EUR","relation":"HAS_TYPE","target":"Policy includes Environmental Pollution Coverage with a sum insured of 150,000 EUR"},{"source":"Policy includes Electronic Equipment Coverage with a sum insured of 10,000 EUR","relation":"HAS_TYPE","target":"Policy includes AK Yacht Assistance Coverage with a sum insured of 1,294.03 EUR"},{"source":"Policy includes Towing and Salvage Coverage with a sum insured of 10,000 EUR","relation":"HAS_TYPE","target":"Policy includes Uninsured Boat Coverage with a sum insured of 100,000 EUR"}]}', additional_kwargs={'parsed': _SSTGraphModel(nodes=['Policy includes Yacht Hull Coverage with a sum insured of 760,000 EUR', 'Policy includes War/Strike Coverage with a sum insured of 760,000 EUR', 'Policy includes Personal Belongings Coverage with a sum insured of 20,000 EUR', 'Policy includes Personal Accident Coverage with a sum insured of 25,000 EUR', 'Policy includes Legal Protection Coverage with a sum insured of 10,000 EUR', 'Policy includes Environmental Pollution Coverage with a sum insured of 150,000 EUR', 'Policy includes Electronic Equipment Coverage with a sum insured of 10,000 EUR', 'Policy includes AK Yacht Assistance Coverage with a sum insured of 1,294.03 EUR', 'Policy includes Towing and Salvage Coverage with a sum insured of 10,000 EUR', 'Policy includes Uninsured Boat Coverage with a sum insured of 100,000 EUR'], edges=[_SSTEdgeModel(source='Policy includes Yacht Hull Coverage with a sum insured of 760,000 EUR', relation='HAS_TYPE', target='Policy includes War/Strike Coverage with a sum insured of 760,000 EUR'), _SSTEdgeModel(source='Policy includes Personal Belongings Coverage with a sum insured of 20,000 EUR', relation='HAS_TYPE', target='Policy includes Personal Accident Coverage with a sum insured of 25,000 EUR'), _SSTEdgeModel(source='Policy includes Legal Protection Coverage with a sum insured of 10,000 EUR', relation='HAS_TYPE', target='Policy includes Environmental Pollution Coverage with a sum insured of 150,000 EUR'), _SSTEdgeModel(source='Policy includes Electronic Equipment Coverage with a sum insured of 10,000 EUR', relation='HAS_TYPE', target='Policy includes AK Yacht Assistance Coverage with a sum insured of 1,294.03 EUR'), _SSTEdgeModel(source='Policy includes Towing and Salvage Coverage with a sum insured of 10,000 EUR', relation='HAS_TYPE', target='Policy includes Uninsured Boat Coverage with a sum insured of 100,000 EUR')]), 'refusal': None}, response_metadata={'token_usage': {'completion_tokens': 393, 'prompt_tokens': 1371, 'total_tokens': 1764, 'completion_tokens_details': {'accepted_prediction_tokens': 0, 'audio_tokens': 0, 'reasoning_tokens': 0, 'rejected_prediction_tokens': 0}, 'prompt_tokens_details': {'audio_tokens': 0, 'cached_tokens': 1280}}, 'model_name': 'gpt-4o-2024-11-20', 'system_fingerprint': 'fp_f0e307537d', 'id': 'chatcmpl-CAkLfcbBtAUAXsRocmYUL9pJ1S4s8', 'service_tier': 'default', 'finish_reason': 'stop', 'logprobs': None}, id='run--17e22ede-847a-4167-9307-d4f64fd22afb-0', usage_metadata={'input_tokens': 1371, 'output_tokens': 393, 'total_tokens': 1764, 'input_token_details': {'audio': 0, 'cache_read': 1280}, 'output_token_details': {'audio': 0, 'reasoning': 0}}), 'parsed': _SSTGraphModel(nodes=['Policy includes Yacht Hull Coverage with a sum insured of 760,000 EUR', 'Policy includes War/Strike Coverage with a sum insured of 760,000 EUR', 'Policy includes Personal Belongings Coverage with a sum insured of 20,000 EUR', 'Policy includes Personal Accident Coverage with a sum insured of 25,000 EUR', 'Policy includes Legal Protection Coverage with a sum insured of 10,000 EUR', 'Policy includes Environmental Pollution Coverage with a sum insured of 150,000 EUR', 'Policy includes Electronic Equipment Coverage with a sum insured of 10,000 EUR', 'Policy includes AK Yacht Assistance Coverage with a sum insured of 1,294.03 EUR', 'Policy includes Towing and Salvage Coverage with a sum insured of 10,000 EUR', 'Policy includes Uninsured Boat Coverage with a sum insured of 100,000 EUR'], edges=[_SSTEdgeModel(source='Policy includes Yacht Hull Coverage with a sum insured of 760,000 EUR', relation='HAS_TYPE', target='Policy includes War/Strike Coverage with a sum insured of 760,000 EUR'), _SSTEdgeModel(source='Policy includes Personal Belongings Coverage with a sum insured of 20,000 EUR', relation='HAS_TYPE', target='Policy includes Personal Accident Coverage with a sum insured of 25,000 EUR'), _SSTEdgeModel(source='Policy includes Legal Protection Coverage with a sum insured of 10,000 EUR', relation='HAS_TYPE', target='Policy includes Environmental Pollution Coverage with a sum insured of 150,000 EUR'), _SSTEdgeModel(source='Policy includes Electronic Equipment Coverage with a sum insured of 10,000 EUR', relation='HAS_TYPE', target='Policy includes AK Yacht Assistance Coverage with a sum insured of 1,294.03 EUR'), _SSTEdgeModel(source='Policy includes Towing and Salvage Coverage with a sum insured of 10,000 EUR', relation='HAS_TYPE', target='Policy includes Uninsured Boat Coverage with a sum insured of 100,000 EUR')]), 'parsing_error': None}
🟢 LLM extraction logged for [unknown_document]: /Users/mehmeterdogan/python-projects/llm-graph-builder/backend/src/graph_transformer/../../logs/llm_extractions.jsonl
📊 Nodes: N/A, Relationships: N/A
✅ Chunk 5 EXTRACTION SONUÇLARI:
📊 Statement node sayısı: 10
🔗 Relationship sayısı: 0
📝 EXTRACTED STATEMENTS (ilk 3):
  1. [Statement] Policy includes Yacht Hull Coverage with a sum insured of 760,000 EUR
  2. [Statement] Policy includes War/Strike Coverage with a sum insured of 760,000 EUR
  3. [Statement] Policy includes Personal Belongings Coverage with a sum insured of 20,000 EUR
  ... ve 7 tane daha
❌ Hiç relationship çıkarılmadı!

💾 Tüm sonuçlar insurance_sst_chunks_test_result.json dosyasına kaydedildi

📈 GENEL ÖZET:
📄 Test edilen document: None
📋 Test edilen chunk sayısı: 5
✅ Başarılı chunk'lar: 5
❌ Başarısız chunk'lar: 0
📊 Toplam statement sayısı: 51
🔗 Toplam relationship sayısı: 0

🎯 KALİTE ANALİZİ:
📊 Chunk başına ortalama statement: 10.2
🔗 Chunk başına ortalama relationship: 0.0
⚠️  UYARI: Hiç relationship çıkarılmadı! Transformer'da bug olabilir.

🎉 Test başarıyla tamamlandı!
